Archive member included to satisfy reference by file (symbol)

/usr/local/gcc-arm-none-eabi-5_4-2016q2/bin/../lib/gcc/arm-none-eabi/5.4.1/../../../../arm-none-eabi/lib/armv7e-m/libg_nano.a(lib_a-errno.o)
                              ./system/src/newlib/_sbrk.o (__errno)
/usr/local/gcc-arm-none-eabi-5_4-2016q2/bin/../lib/gcc/arm-none-eabi/5.4.1/../../../../arm-none-eabi/lib/armv7e-m/libg_nano.a(lib_a-impure.o)
                              /usr/local/gcc-arm-none-eabi-5_4-2016q2/bin/../lib/gcc/arm-none-eabi/5.4.1/../../../../arm-none-eabi/lib/armv7e-m/libg_nano.a(lib_a-errno.o) (_impure_ptr)

Allocating common symbols
Common symbol       size              file

hspi2               0x58              ./src/main.o
errno               0x4               ./system/src/newlib/_syscalls.o
uwTick              0x4               ./system/src/stm32f4-hal/stm32f4xx_hal.o
pFlash              0x20              ./system/src/stm32f4-hal/stm32f4xx_hal_flash.o
spi_rx_buffer       0x3               ./src/ad7730.o
hdma_usart1_tx      0x60              ./src/main.o
huart1              0x40              ./src/main.o
spi_tx_buffer       0x3               ./src/ad7730.o
ulReceivedValue     0x1c              ./src/main.o

Discarded input sections

 .group         0x0000000000000000        0x8 ./system/src/stm32f4-hal/stm32f4xx_hal.o
 .group         0x0000000000000000        0x8 ./system/src/stm32f4-hal/stm32f4xx_hal.o
 .group         0x0000000000000000        0x8 ./system/src/stm32f4-hal/stm32f4xx_hal.o
 .group         0x0000000000000000        0x8 ./system/src/stm32f4-hal/stm32f4xx_hal.o
 .group         0x0000000000000000        0x8 ./system/src/stm32f4-hal/stm32f4xx_hal.o
 .group         0x0000000000000000        0x8 ./system/src/stm32f4-hal/stm32f4xx_hal.o
 .group         0x0000000000000000        0x8 ./system/src/stm32f4-hal/stm32f4xx_hal.o
 .group         0x0000000000000000        0x8 ./system/src/stm32f4-hal/stm32f4xx_hal.o
 .group         0x0000000000000000        0x8 ./system/src/stm32f4-hal/stm32f4xx_hal.o
 .group         0x0000000000000000        0x8 ./system/src/stm32f4-hal/stm32f4xx_hal.o
 .group         0x0000000000000000        0x8 ./system/src/stm32f4-hal/stm32f4xx_hal.o
 .group         0x0000000000000000        0x8 ./system/src/stm32f4-hal/stm32f4xx_hal.o
 .group         0x0000000000000000        0x8 ./system/src/stm32f4-hal/stm32f4xx_hal.o
 .group         0x0000000000000000        0x8 ./system/src/stm32f4-hal/stm32f4xx_hal.o
 .group         0x0000000000000000        0x8 ./system/src/stm32f4-hal/stm32f4xx_hal.o
 .group         0x0000000000000000        0x8 ./system/src/stm32f4-hal/stm32f4xx_hal.o
 .group         0x0000000000000000        0x8 ./system/src/stm32f4-hal/stm32f4xx_hal.o
 .group         0x0000000000000000        0x8 ./system/src/stm32f4-hal/stm32f4xx_hal.o
 .group         0x0000000000000000        0x8 ./system/src/stm32f4-hal/stm32f4xx_hal.o
 .group         0x0000000000000000        0x8 ./system/src/stm32f4-hal/stm32f4xx_hal.o
 .group         0x0000000000000000        0x8 ./system/src/stm32f4-hal/stm32f4xx_hal.o
 .group         0x0000000000000000        0x8 ./system/src/stm32f4-hal/stm32f4xx_hal.o
 .group         0x0000000000000000        0x8 ./system/src/stm32f4-hal/stm32f4xx_hal.o
 .group         0x0000000000000000        0x8 ./system/src/stm32f4-hal/stm32f4xx_hal.o
 .group         0x0000000000000000        0x8 ./system/src/stm32f4-hal/stm32f4xx_hal.o
 .group         0x0000000000000000        0x8 ./system/src/stm32f4-hal/stm32f4xx_hal.o
 .group         0x0000000000000000        0x8 ./system/src/stm32f4-hal/stm32f4xx_hal.o
 .group         0x0000000000000000        0x8 ./system/src/stm32f4-hal/stm32f4xx_hal.o
 .group         0x0000000000000000        0x8 ./system/src/stm32f4-hal/stm32f4xx_hal.o
 .group         0x0000000000000000        0x8 ./system/src/stm32f4-hal/stm32f4xx_hal.o
 .group         0x0000000000000000        0x8 ./system/src/stm32f4-hal/stm32f4xx_hal.o
 .group         0x0000000000000000        0x8 ./system/src/stm32f4-hal/stm32f4xx_hal.o
 .group         0x0000000000000000        0x8 ./system/src/stm32f4-hal/stm32f4xx_hal.o
 .group         0x0000000000000000        0x8 ./system/src/stm32f4-hal/stm32f4xx_hal.o
 .group         0x0000000000000000        0x8 ./system/src/stm32f4-hal/stm32f4xx_hal.o
 .group         0x0000000000000000        0x8 ./system/src/stm32f4-hal/stm32f4xx_hal.o
 .group         0x0000000000000000        0x8 ./system/src/stm32f4-hal/stm32f4xx_hal.o
 .group         0x0000000000000000        0x8 ./system/src/stm32f4-hal/stm32f4xx_hal.o
 .group         0x0000000000000000        0x8 ./system/src/stm32f4-hal/stm32f4xx_hal.o
 .group         0x0000000000000000        0x8 ./system/src/stm32f4-hal/stm32f4xx_hal.o
 .group         0x0000000000000000        0x8 ./system/src/stm32f4-hal/stm32f4xx_hal.o
 .group         0x0000000000000000        0x8 ./system/src/stm32f4-hal/stm32f4xx_hal.o
 .group         0x0000000000000000        0x8 ./system/src/stm32f4-hal/stm32f4xx_hal.o
[...]
Memory Configuration

Name             Origin             Length             Attributes
RAM              0x0000000020000000 0x0000000000020000 xrw
CCMRAM           0x0000000010000000 0x0000000000010000 xrw
FLASH            0x0000000008000000 0x0000000000100000 xr
FLASHB1          0x0000000000000000 0x0000000000000000 xr
EXTMEMB0         0x0000000000000000 0x0000000000000000 xr
EXTMEMB1         0x0000000000000000 0x0000000000000000 xr
EXTMEMB2         0x0000000000000000 0x0000000000000000 xr
EXTMEMB3         0x0000000000000000 0x0000000000000000 xr
MEMORY_ARRAY     0x0000000020002000 0x0000000000000020 xrw
*default*        0x0000000000000000 0xffffffffffffffff

Linker script and memory map

LOAD ./system/src/stm32f4-hal/stm32f4xx_hal.o
LOAD ./system/src/stm32f4-hal/stm32f4xx_hal_cortex.o
LOAD ./system/src/stm32f4-hal/stm32f4xx_hal_dfsdm.o
LOAD ./system/src/stm32f4-hal/stm32f4xx_hal_dma.o
LOAD ./system/src/stm32f4-hal/stm32f4xx_hal_dma_ex.o
LOAD ./system/src/stm32f4-hal/stm32f4xx_hal_flash.o
LOAD ./system/src/stm32f4-hal/stm32f4xx_hal_gpio.o
LOAD ./system/src/stm32f4-hal/stm32f4xx_hal_iwdg.o
LOAD ./system/src/stm32f4-hal/stm32f4xx_hal_pwr.o
LOAD ./system/src/stm32f4-hal/stm32f4xx_hal_rcc.o
LOAD ./system/src/stm32f4-hal/stm32f4xx_hal_spi.o
LOAD ./system/src/stm32f4-hal/stm32f4xx_hal_uart.o
LOAD ./system/src/newlib/_cxx.o
LOAD ./system/src/newlib/_exit.o
LOAD ./system/src/newlib/_sbrk.o
LOAD ./system/src/newlib/_startup.o
LOAD ./system/src/newlib/_syscalls.o
LOAD ./system/src/newlib/assert.o
LOAD ./system/src/diag/Trace.o
LOAD ./system/src/diag/trace_impl.o
LOAD ./system/src/cortexm/_initialize_hardware.o
LOAD ./system/src/cortexm/_reset_hardware.o
LOAD ./system/src/cortexm/exception_handlers.o
LOAD ./system/src/cmsis/system_stm32f4xx.o
LOAD ./system/src/cmsis/vectors_stm32f407xx.o
LOAD ./src/CRC.o
LOAD ./src/ad7730.o
LOAD ./src/main.o
LOAD ./src/serial_terminal.o
LOAD ./src/stm32f4xx_hal_msp.o
LOAD ./src/stm32f4xx_it.o
LOAD ./src/tiny_printf.o
LOAD /usr/local/gcc-arm-none-eabi-5_4-2016q2/bin/../lib/gcc/arm-none-eabi/5.4.1/../../../../arm-none-eabi/lib/armv7e-m/libstdc++_nano.a
LOAD /usr/local/gcc-arm-none-eabi-5_4-2016q2/bin/../lib/gcc/arm-none-eabi/5.4.1/../../../../arm-none-eabi/lib/armv7e-m/libm.a
START GROUP
LOAD /usr/local/gcc-arm-none-eabi-5_4-2016q2/bin/../lib/gcc/arm-none-eabi/5.4.1/armv7e-m/libgcc.a
LOAD /usr/local/gcc-arm-none-eabi-5_4-2016q2/bin/../lib/gcc/arm-none-eabi/5.4.1/../../../../arm-none-eabi/lib/armv7e-m/libg_nano.a
LOAD /usr/local/gcc-arm-none-eabi-5_4-2016q2/bin/../lib/gcc/arm-none-eabi/5.4.1/../../../../arm-none-eabi/lib/armv7e-m/libc_nano.a
END GROUP
START GROUP
LOAD /usr/local/gcc-arm-none-eabi-5_4-2016q2/bin/../lib/gcc/arm-none-eabi/5.4.1/armv7e-m/libgcc.a
LOAD /usr/local/gcc-arm-none-eabi-5_4-2016q2/bin/../lib/gcc/arm-none-eabi/5.4.1/../../../../arm-none-eabi/lib/armv7e-m/libc_nano.a
END GROUP
                0x0000000020020000                __stack = (ORIGIN (RAM) + LENGTH (RAM))
                0x0000000020020000                _estack = __stack
                0x0000000000000400                __Main_Stack_Size = 0x400
                [!provide]                        PROVIDE (_Main_Stack_Size, __Main_Stack_Size)
                0x000000002001fc00                __Main_Stack_Limit = (__stack - __Main_Stack_Size)
                [!provide]                        PROVIDE (_Main_Stack_Limit, __Main_Stack_Limit)
                0x0000000000000100                _Minimum_Stack_Size = 0x100
                0x000000002000014c                PROVIDE (_Heap_Begin, _end_noinit)
                0x000000002001fc00                PROVIDE (_Heap_Limit, (__stack - __Main_Stack_Size))

.isr_vector     0x0000000008000000      0x330
 FILL mask 0xff
                0x0000000008000000                __vectors_start = ABSOLUTE (.)
                0x0000000008000000                __vectors_start__ = ABSOLUTE (.)
 *(.isr_vector)
 .isr_vector    0x0000000008000000      0x188 ./system/src/cmsis/vectors_stm32f407xx.o
                0x0000000008000000                __isr_vectors
 *(.cfmconfig)
 *(.after_vectors .after_vectors.*)
 .after_vectors
                0x0000000008000188      0x130 ./system/src/newlib/_startup.o
                0x0000000008000188                _start
 .after_vectors
                0x00000000080002b8       0x74 ./system/src/cortexm/exception_handlers.o
                0x00000000080002b8                Reset_Handler
                0x00000000080002c0                NMI_Handler
                0x00000000080002c4                HardFault_Handler
                0x00000000080002d8                HardFault_Handler_C
                0x00000000080002dc                MemManage_Handler
                0x00000000080002e0                BusFault_Handler
                0x00000000080002f4                BusFault_Handler_C
                0x00000000080002f8                UsageFault_Handler
                0x000000000800030c                UsageFault_Handler_C
                0x0000000008000310                SVC_Handler
                0x0000000008000314                DebugMon_Handler
                0x0000000008000318                PendSV_Handler
 .after_vectors
                0x000000000800032c        0x4 ./system/src/cmsis/vectors_stm32f407xx.o
                0x000000000800032c                DMA1_Stream3_IRQHandler
                0x000000000800032c                HASH_RNG_IRQHandler
                0x000000000800032c                EXTI2_IRQHandler
                0x000000000800032c                TIM8_CC_IRQHandler
                0x000000000800032c                TIM1_CC_IRQHandler
                0x000000000800032c                DMA2_Stream5_IRQHandler
                0x000000000800032c                DMA1_Stream5_IRQHandler
                0x000000000800032c                PVD_IRQHandler
                0x000000000800032c                SDIO_IRQHandler
                0x000000000800032c                TAMP_STAMP_IRQHandler
                0x000000000800032c                CAN2_RX1_IRQHandler
                0x000000000800032c                EXTI3_IRQHandler
                0x000000000800032c                TIM8_TRG_COM_TIM14_IRQHandler
                0x000000000800032c                TIM1_UP_TIM10_IRQHandler
                0x000000000800032c                TIM8_UP_TIM13_IRQHandler
                0x000000000800032c                I2C3_ER_IRQHandler
                0x000000000800032c                EXTI0_IRQHandler
                0x000000000800032c                I2C2_EV_IRQHandler
                0x000000000800032c                DMA1_Stream2_IRQHandler
                0x000000000800032c                CAN1_RX0_IRQHandler
                0x000000000800032c                FPU_IRQHandler
                0x000000000800032c                OTG_HS_WKUP_IRQHandler
                0x000000000800032c                CAN2_SCE_IRQHandler
                0x000000000800032c                DMA2_Stream2_IRQHandler
                0x000000000800032c                SPI1_IRQHandler
                0x000000000800032c                TIM6_DAC_IRQHandler
                0x000000000800032c                TIM1_BRK_TIM9_IRQHandler
                0x000000000800032c                DCMI_IRQHandler
                0x000000000800032c                CAN2_RX0_IRQHandler
                0x000000000800032c                DMA2_Stream3_IRQHandler
                0x000000000800032c                USART6_IRQHandler
                0x000000000800032c                USART3_IRQHandler
                0x000000000800032c                CAN1_RX1_IRQHandler
                0x000000000800032c                UART5_IRQHandler
                0x000000000800032c                DMA2_Stream0_IRQHandler
                0x000000000800032c                TIM4_IRQHandler
                0x000000000800032c                I2C1_EV_IRQHandler
                0x000000000800032c                DMA1_Stream6_IRQHandler
                0x000000000800032c                DMA1_Stream1_IRQHandler
                0x000000000800032c                UART4_IRQHandler
                0x000000000800032c                TIM3_IRQHandler
                0x000000000800032c                RCC_IRQHandler
                0x000000000800032c                TIM8_BRK_TIM12_IRQHandler
                0x000000000800032c                Default_Handler
                0x000000000800032c                EXTI15_10_IRQHandler
                0x000000000800032c                ADC_IRQHandler
                0x000000000800032c                DMA1_Stream7_IRQHandler
                0x000000000800032c                TIM7_IRQHandler
                0x000000000800032c                CAN2_TX_IRQHandler
                0x000000000800032c                TIM5_IRQHandler
                0x000000000800032c                I2C3_EV_IRQHandler
                0x000000000800032c                EXTI9_5_IRQHandler
                0x000000000800032c                RTC_WKUP_IRQHandler
                0x000000000800032c                ETH_WKUP_IRQHandler
                0x000000000800032c                OTG_HS_EP1_IN_IRQHandler
                0x000000000800032c                DMA1_Stream0_IRQHandler
                0x000000000800032c                CAN1_TX_IRQHandler
                0x000000000800032c                EXTI4_IRQHandler
                0x000000000800032c                ETH_IRQHandler
                0x000000000800032c                OTG_HS_EP1_OUT_IRQHandler
                0x000000000800032c                WWDG_IRQHandler
                0x000000000800032c                TIM2_IRQHandler
                0x000000000800032c                OTG_FS_WKUP_IRQHandler
                0x000000000800032c                TIM1_TRG_COM_TIM11_IRQHandler
                0x000000000800032c                OTG_HS_IRQHandler
                0x000000000800032c                EXTI1_IRQHandler
                0x000000000800032c                USART2_IRQHandler
                0x000000000800032c                I2C2_ER_IRQHandler
                0x000000000800032c                DMA2_Stream1_IRQHandler
                0x000000000800032c                CAN1_SCE_IRQHandler
                0x000000000800032c                FLASH_IRQHandler
                0x000000000800032c                DMA2_Stream4_IRQHandler
                0x000000000800032c                OTG_FS_IRQHandler
                0x000000000800032c                SPI3_IRQHandler
                0x000000000800032c                DMA1_Stream4_IRQHandler
                0x000000000800032c                I2C1_ER_IRQHandler
                0x000000000800032c                FMC_IRQHandler
                0x000000000800032c                DMA2_Stream6_IRQHandler
                0x000000000800032c                RTC_Alarm_IRQHandler

.inits          0x0000000008000330       0x28
                0x0000000008000330                __data_regions_array_start = .
                0x0000000008000330        0x4 LONG 0x80024fc LOADADDR (.data)
                0x0000000008000334        0x4 LONG 0x20000000 ADDR (.data)
                0x0000000008000338        0x4 LONG 0x20000014 (ADDR (.data) + SIZEOF (.data))
                0x000000000800033c        0x4 LONG 0x80024fc LOADADDR (.data_CCMRAM)
                0x0000000008000340        0x4 LONG 0x10000000 ADDR (.data_CCMRAM)
                0x0000000008000344        0x4 LONG 0x10000000 (ADDR (.data_CCMRAM) + SIZEOF (.data_CCMRAM))
                0x0000000008000348                __data_regions_array_end = .
                0x0000000008000348                __bss_regions_array_start = .
                0x0000000008000348        0x4 LONG 0x20000014 ADDR (.bss)
                0x000000000800034c        0x4 LONG 0x2000014c (ADDR (.bss) + SIZEOF (.bss))
                0x0000000008000350        0x4 LONG 0x10000000 ADDR (.bss_CCMRAM)
                0x0000000008000354        0x4 LONG 0x10000000 (ADDR (.bss_CCMRAM) + SIZEOF (.bss_CCMRAM))
                0x0000000008000358                __bss_regions_array_end = .
 *(.init)
 *(.fini)
                0x0000000008000358                . = ALIGN (0x4)
                0x0000000008000358                PROVIDE (__preinit_array_start, .)
 *(.preinit_array_sysinit .preinit_array_sysinit.*)
 *(.preinit_array_platform .preinit_array_platform.*)
 *(.preinit_array .preinit_array.*)
                0x0000000008000358                PROVIDE (__preinit_array_end, .)
                0x0000000008000358                . = ALIGN (0x4)
                0x0000000008000358                PROVIDE (__init_array_start, .)
 *(SORT(.init_array.*))
 *(.init_array)
                0x0000000008000358                PROVIDE (__init_array_end, .)
                0x0000000008000358                . = ALIGN (0x4)
                0x0000000008000358                PROVIDE (__fini_array_start, .)
 *(SORT(.fini_array.*))
 *(.fini_array)
                0x0000000008000358                PROVIDE (__fini_array_end, .)

.flashtext
 *(.flashtext .flashtext.*)

.text           0x0000000008000358     0x21a4
 *(.text .text.*)
 .text.HAL_InitTick
                0x0000000008000358       0x2c ./system/src/stm32f4-hal/stm32f4xx_hal.o
                0x0000000008000358                HAL_InitTick
 .text.HAL_Init
                0x0000000008000384       0x34 ./system/src/stm32f4-hal/stm32f4xx_hal.o
                0x0000000008000384                HAL_Init
 .text.HAL_IncTick
                0x00000000080003b8       0x10 ./system/src/stm32f4-hal/stm32f4xx_hal.o
                0x00000000080003b8                HAL_IncTick
 .text.HAL_GetTick
                0x00000000080003c8        0xc ./system/src/stm32f4-hal/stm32f4xx_hal.o
                0x00000000080003c8                HAL_GetTick
 .text.HAL_Delay
                0x00000000080003d4       0x1c ./system/src/stm32f4-hal/stm32f4xx_hal.o
                0x00000000080003d4                HAL_Delay
 .text.HAL_NVIC_SetPriorityGrouping
                0x00000000080003f0       0x3c ./system/src/stm32f4-hal/stm32f4xx_hal_cortex.o
                0x00000000080003f0                HAL_NVIC_SetPriorityGrouping
 .text.HAL_NVIC_SetPriority
                0x000000000800042c       0x84 ./system/src/stm32f4-hal/stm32f4xx_hal_cortex.o
                0x000000000800042c                HAL_NVIC_SetPriority
 .text.HAL_NVIC_EnableIRQ
                0x00000000080004b0       0x2c ./system/src/stm32f4-hal/stm32f4xx_hal_cortex.o
                0x00000000080004b0                HAL_NVIC_EnableIRQ
 .text.HAL_SYSTICK_Config
                0x00000000080004dc       0x2c ./system/src/stm32f4-hal/stm32f4xx_hal_cortex.o
                0x00000000080004dc                HAL_SYSTICK_Config
 .text.HAL_SYSTICK_CLKSourceConfig
                0x0000000008000508       0x38 ./system/src/stm32f4-hal/stm32f4xx_hal_cortex.o
                0x0000000008000508                HAL_SYSTICK_CLKSourceConfig
 .text.HAL_SYSTICK_Callback
                0x0000000008000540        0x4 ./system/src/stm32f4-hal/stm32f4xx_hal_cortex.o
                0x0000000008000540                HAL_SYSTICK_Callback
 .text.HAL_SYSTICK_IRQHandler
                0x0000000008000544        0x8 ./system/src/stm32f4-hal/stm32f4xx_hal_cortex.o
                0x0000000008000544                HAL_SYSTICK_IRQHandler
 .text.HAL_DMA_Abort_IT
                0x000000000800054c       0x28 ./system/src/stm32f4-hal/stm32f4xx_hal_dma.o
                0x000000000800054c                HAL_DMA_Abort_IT
 .text.HAL_DMA_IRQHandler
                0x0000000008000574      0x1e0 ./system/src/stm32f4-hal/stm32f4xx_hal_dma.o
                0x0000000008000574                HAL_DMA_IRQHandler
 .text.HAL_GPIO_Init
                0x0000000008000754      0x330 ./system/src/stm32f4-hal/stm32f4xx_hal_gpio.o
                0x0000000008000754                HAL_GPIO_Init
 .text.HAL_GPIO_ReadPin
                0x0000000008000a84       0x24 ./system/src/stm32f4-hal/stm32f4xx_hal_gpio.o
                0x0000000008000a84                HAL_GPIO_ReadPin
 .text.HAL_GPIO_WritePin
                0x0000000008000aa8       0x34 ./system/src/stm32f4-hal/stm32f4xx_hal_gpio.o
                0x0000000008000aa8                HAL_GPIO_WritePin
 .text.HAL_RCC_OscConfig
                0x0000000008000adc      0x448 ./system/src/stm32f4-hal/stm32f4xx_hal_rcc.o
                0x0000000008000adc                HAL_RCC_OscConfig
 .text.HAL_RCC_GetSysClockFreq
                0x0000000008000f24       0xa0 ./system/src/stm32f4-hal/stm32f4xx_hal_rcc.o
                0x0000000008000f24                HAL_RCC_GetSysClockFreq
 .text.HAL_RCC_ClockConfig
                0x0000000008000fc4      0x264 ./system/src/stm32f4-hal/stm32f4xx_hal_rcc.o
                0x0000000008000fc4                HAL_RCC_ClockConfig
 .text.HAL_RCC_GetHCLKFreq
                0x0000000008001228        0xc ./system/src/stm32f4-hal/stm32f4xx_hal_rcc.o
                0x0000000008001228                HAL_RCC_GetHCLKFreq
 .text.SPI_WaitFlagStateUntilTimeout
                0x0000000008001234       0x94 ./system/src/stm32f4-hal/stm32f4xx_hal_spi.o
 .text.SPI_CheckFlag_BSY
                0x00000000080012c8       0x28 ./system/src/stm32f4-hal/stm32f4xx_hal_spi.o
 .text.HAL_SPI_Init
                0x00000000080012f0      0x1bc ./system/src/stm32f4-hal/stm32f4xx_hal_spi.o
                0x00000000080012f0                HAL_SPI_Init
 .text.HAL_SPI_Transmit
                0x00000000080014ac      0x1fc ./system/src/stm32f4-hal/stm32f4xx_hal_spi.o
                0x00000000080014ac                HAL_SPI_Transmit
 .text.HAL_SPI_TransmitReceive
                0x00000000080016a8      0x31c ./system/src/stm32f4-hal/stm32f4xx_hal_spi.o
                0x00000000080016a8                HAL_SPI_TransmitReceive
 .text.HAL_SPI_ErrorCallback
                0x00000000080019c4        0x4 ./system/src/stm32f4-hal/stm32f4xx_hal_spi.o
                0x00000000080019c4                HAL_SPI_ErrorCallback
 .text.HAL_SPI_IRQHandler
                0x00000000080019c8      0x104 ./system/src/stm32f4-hal/stm32f4xx_hal_spi.o
                0x00000000080019c8                HAL_SPI_IRQHandler
 .text.SPI_DMAAbortOnError
                0x0000000008001acc       0x10 ./system/src/stm32f4-hal/stm32f4xx_hal_spi.o
 .text.UART_EndRxTransfer
                0x0000000008001adc       0x1c ./system/src/stm32f4-hal/stm32f4xx_hal_uart.o
 .text.UART_Transmit_IT
                0x0000000008001af8       0x68 ./system/src/stm32f4-hal/stm32f4xx_hal_uart.o
 .text.HAL_UART_TxCpltCallback
                0x0000000008001b60        0x4 ./system/src/stm32f4-hal/stm32f4xx_hal_uart.o
                0x0000000008001b60                HAL_UART_TxCpltCallback
 .text.UART_EndTransmit_IT
                0x0000000008001b64       0x1c ./system/src/stm32f4-hal/stm32f4xx_hal_uart.o
 .text.HAL_UART_RxCpltCallback
                0x0000000008001b80        0x4 ./system/src/stm32f4-hal/stm32f4xx_hal_uart.o
                0x0000000008001b80                HAL_UART_RxCpltCallback
 .text.UART_Receive_IT
                0x0000000008001b84       0x94 ./system/src/stm32f4-hal/stm32f4xx_hal_uart.o
 .text.HAL_UART_ErrorCallback
                0x0000000008001c18        0x4 ./system/src/stm32f4-hal/stm32f4xx_hal_uart.o
                0x0000000008001c18                HAL_UART_ErrorCallback
 .text.HAL_UART_IRQHandler
                0x0000000008001c1c      0x124 ./system/src/stm32f4-hal/stm32f4xx_hal_uart.o
                0x0000000008001c1c                HAL_UART_IRQHandler
 .text.UART_DMAAbortOnError
                0x0000000008001d40       0x10 ./system/src/stm32f4-hal/stm32f4xx_hal_uart.o
 .text._exit    0x0000000008001d50        0x4 ./system/src/newlib/_exit.o
                0x0000000008001d50                _exit
 .text.__initialize_args
                0x0000000008001d54       0x10 ./system/src/newlib/_syscalls.o
                0x0000000008001d54                __initialize_args
 .text.__initialize_hardware_early
                0x0000000008001d64       0x18 ./system/src/cortexm/_initialize_hardware.o
                0x0000000008001d64                __initialize_hardware_early
 .text.__initialize_hardware
                0x0000000008001d7c        0x8 ./system/src/cortexm/_initialize_hardware.o
                0x0000000008001d7c                __initialize_hardware
 .text.SystemInit
                0x0000000008001d84       0x40 ./system/src/cmsis/system_stm32f4xx.o
                0x0000000008001d84                SystemInit
 .text.SystemCoreClockUpdate
                0x0000000008001dc4       0xa0 ./system/src/cmsis/system_stm32f4xx.o
                0x0000000008001dc4                SystemCoreClockUpdate
 .text.Tx_AD7730
                0x0000000008001e64       0x40 ./src/ad7730.o
                0x0000000008001e64                Tx_AD7730
 .text.Rx_AD7730
                0x0000000008001ea4       0x54 ./src/ad7730.o
                0x0000000008001ea4                Rx_AD7730
 .text.AD7730_Config
                0x0000000008001ef8       0xf0 ./src/ad7730.o
                0x0000000008001ef8                AD7730_Config
 .text.AD7730_Init
                0x0000000008001fe8       0x40 ./src/ad7730.o
                0x0000000008001fe8                AD7730_Init
 .text.AD7730_Read
                0x0000000008002028       0x6c ./src/ad7730.o
                0x0000000008002028                AD7730_Read
 .text.MX_GPIO_Init
                0x0000000008002094       0xc4 ./src/main.o
 .text.Init_Gauges
                0x0000000008002158       0x24 ./src/main.o
 .text._Error_Handler
                0x000000000800217c        0x4 ./src/main.o
                0x000000000800217c                _Error_Handler
 .text.MX_SPI2_Init
                0x0000000008002180       0x4c ./src/main.o
 .text.SystemClock_Config
                0x00000000080021cc       0xc4 ./src/main.o
                0x00000000080021cc                SystemClock_Config
 .text.main     0x0000000008002290       0x2c ./src/main.o
                0x0000000008002290                main
 .text.assert_failed
                0x00000000080022bc        0x4 ./src/main.o
                0x00000000080022bc                assert_failed
 .text.HAL_MspInit
                0x00000000080022c0       0x94 ./src/stm32f4xx_hal_msp.o
                0x00000000080022c0                HAL_MspInit
 .text.HAL_SPI_MspInit
                0x0000000008002354       0x78 ./src/stm32f4xx_hal_msp.o
                0x0000000008002354                HAL_SPI_MspInit
 .text.SysTick_Handler
                0x00000000080023cc        0xc ./src/stm32f4xx_it.o
                0x00000000080023cc                SysTick_Handler
 .text.USART1_IRQHandler
                0x00000000080023d8       0x10 ./src/stm32f4xx_it.o
                0x00000000080023d8                USART1_IRQHandler
 .text.DMA2_Stream7_IRQHandler
                0x00000000080023e8       0x10 ./src/stm32f4xx_it.o
                0x00000000080023e8                DMA2_Stream7_IRQHandler
 .text.SPI2_IRQHandler
                0x00000000080023f8       0x10 ./src/stm32f4xx_it.o
                0x00000000080023f8                SPI2_IRQHandler
 *(.rodata .rodata.* .constdata .constdata.*)
 .rodata.str1.4
                0x0000000008002408       0x31 ./system/src/stm32f4-hal/stm32f4xx_hal_cortex.o
 *fill*         0x0000000008002439        0x3 
 .rodata.str1.4
                0x000000000800243c       0x2f ./system/src/stm32f4-hal/stm32f4xx_hal_gpio.o
 *fill*         0x000000000800246b        0x1 
 .rodata.APBAHBPrescTable
                0x000000000800246c       0x10 ./system/src/stm32f4-hal/stm32f4xx_hal_rcc.o
                0x000000000800246c                APBAHBPrescTable
 .rodata.str1.4
                0x000000000800247c       0x2e ./system/src/stm32f4-hal/stm32f4xx_hal_rcc.o
 *fill*         0x00000000080024aa        0x2 
 .rodata.str1.4
                0x00000000080024ac       0x2e ./system/src/stm32f4-hal/stm32f4xx_hal_spi.o
 *fill*         0x00000000080024da        0x2 
 .rodata.AHBPrescTable
                0x00000000080024dc       0x10 ./system/src/cmsis/system_stm32f4xx.o
                0x00000000080024dc                AHBPrescTable
 .rodata.str1.4
                0x00000000080024ec       0x10 ./src/main.o
                                          0xe (size before relaxing)
 *(vtable)
 *(.eh_frame*)
 *(.glue_7)
 .glue_7        0x00000000080024fc        0x0 linker stubs
 *(.glue_7t)
 .glue_7t       0x00000000080024fc        0x0 linker stubs

.vfp11_veneer   0x00000000080024fc        0x0
 .vfp11_veneer  0x00000000080024fc        0x0 linker stubs

.v4_bx          0x00000000080024fc        0x0
 .v4_bx         0x00000000080024fc        0x0 linker stubs

.iplt           0x00000000080024fc        0x0
 .iplt          0x00000000080024fc        0x0 ./system/src/stm32f4-hal/stm32f4xx_hal.o

.rel.dyn        0x00000000080024fc        0x0
 .rel.iplt      0x00000000080024fc        0x0 ./system/src/stm32f4-hal/stm32f4xx_hal.o

.ARM.extab
 *(.ARM.extab* .gnu.linkonce.armextab.*)
                0x00000000080024fc                . = ALIGN (0x4)
                0x00000000080024fc                __exidx_start = .

.ARM.exidx
 *(.ARM.exidx* .gnu.linkonce.armexidx.*)
                0x00000000080024fc                __exidx_end = .
                0x00000000080024fc                . = ALIGN (0x4)
                0x00000000080024fc                _etext = .
                0x00000000080024fc                __etext = .

.data_CCMRAM    0x0000000010000000        0x0 load address 0x00000000080024fc
 FILL mask 0xff
 *(.data.CCMRAM .data.CCMRAM.*)
                0x0000000010000000                . = ALIGN (0x4)
                0x00000000080024fc                _sidata = LOADADDR (.data)

.data           0x0000000020000000       0x14 load address 0x00000000080024fc
 FILL mask 0xff
                0x0000000020000000                _sdata = .
                0x0000000020000000                __data_start__ = .
 *(.data_begin .data_begin.*)
 .data_begin    0x0000000020000000        0x4 ./system/src/newlib/_startup.o
 *(.data .data.*)
 .data.argv.4282
                0x0000000020000004        0x8 ./system/src/newlib/_syscalls.o
 .data.SystemCoreClock
                0x000000002000000c        0x4 ./system/src/cmsis/system_stm32f4xx.o
                0x000000002000000c                SystemCoreClock
 *(.data_end .data_end.*)
 .data_end      0x0000000020000010        0x4 ./system/src/newlib/_startup.o
                0x0000000020000014                . = ALIGN (0x4)
                0x0000000020000014                _edata = .
                0x0000000020000014                __data_end__ = .

.igot.plt       0x0000000020000014        0x0 load address 0x0000000008002510
 .igot.plt      0x0000000020000014        0x0 ./system/src/stm32f4-hal/stm32f4xx_hal.o

.bss_CCMRAM     0x0000000010000000        0x0
 *(.bss.CCMRAM .bss.CCMRAM.*)

.bss            0x0000000020000014      0x138
                0x0000000020000014                __bss_start__ = .
                0x0000000020000014                _sbss = .
 *(.bss_begin .bss_begin.*)
 .bss_begin     0x0000000020000014        0x4 ./system/src/newlib/_startup.o
 *(.bss .bss.*)
 .bss.name.4281
                0x0000000020000018        0x1 ./system/src/newlib/_syscalls.o
 *fill*         0x0000000020000019        0x3 
 .bss.gauge1    0x000000002000001c        0xc ./src/main.o
 *(COMMON)
 COMMON         0x0000000020000028        0x4 ./system/src/stm32f4-hal/stm32f4xx_hal.o
                0x0000000020000028                uwTick
 COMMON         0x000000002000002c        0x7 ./src/ad7730.o
                0x000000002000002c                spi_rx_buffer
                0x0000000020000030                spi_tx_buffer
 *fill*         0x0000000020000033        0x1 
 COMMON         0x0000000020000034      0x114 ./src/main.o
                0x0000000020000034                hspi2
                0x000000002000008c                hdma_usart1_tx
                0x00000000200000ec                huart1
                0x000000002000012c                ulReceivedValue
 *(.bss_end .bss_end.*)
 .bss_end       0x0000000020000148        0x4 ./system/src/newlib/_startup.o
                0x000000002000014c                . = ALIGN (0x4)
                0x000000002000014c                __bss_end__ = .
                0x000000002000014c                _ebss = .

.noinit_CCMRAM
 *(.noinit.CCMRAM .noinit.CCMRAM.*)

.noinit         0x000000002000014c        0x0
                0x000000002000014c                _noinit = .
 *(.noinit .noinit.*)
                0x000000002000014c                . = ALIGN (0x4)
                0x000000002000014c                _end_noinit = .
                [!provide]                        PROVIDE (end, _end_noinit)
                [!provide]                        PROVIDE (_end, _end_noinit)
                [!provide]                        PROVIDE (__end, _end_noinit)
                [!provide]                        PROVIDE (__end__, _end_noinit)

._check_stack   0x000000002000014c      0x100
                0x000000002000024c                . = (. + _Minimum_Stack_Size)
 *fill*         0x000000002000014c      0x100 

.b1text
 *(.b1text)
 *(.b1rodata)
 *(.b1rodata.*)

.eb0text
 *(.eb0text)
 *(.eb0rodata)
 *(.eb0rodata.*)

.eb1text
 *(.eb1text)
 *(.eb1rodata)
 *(.eb1rodata.*)

.eb2text
 *(.eb2text)
 *(.eb2rodata)
 *(.eb2rodata.*)

.eb3text
 *(.eb3text)
 *(.eb3rodata)
 *(.eb3rodata.*)

.stab
 *(.stab)

.stabstr
 *(.stabstr)

.stab.excl
 *(.stab.excl)

.stab.exclstr
 *(.stab.exclstr)

.stab.index
 *(.stab.index)

.stab.indexstr
 *(.stab.indexstr)

.comment        0x0000000000000000       0x6e
 *(.comment)
 .comment       0x0000000000000000       0x6e ./system/src/stm32f4-hal/stm32f4xx_hal.o
                                         0x6f (size before relaxing)
 .comment       0x000000000000006e       0x6f ./system/src/stm32f4-hal/stm32f4xx_hal_cortex.o
 .comment       0x000000000000006e       0x6f ./system/src/stm32f4-hal/stm32f4xx_hal_dma.o
 .comment       0x000000000000006e       0x6f ./system/src/stm32f4-hal/stm32f4xx_hal_gpio.o
 .comment       0x000000000000006e       0x6f ./system/src/stm32f4-hal/stm32f4xx_hal_rcc.o
 .comment       0x000000000000006e       0x6f ./system/src/stm32f4-hal/stm32f4xx_hal_spi.o
 .comment       0x000000000000006e       0x6f ./system/src/stm32f4-hal/stm32f4xx_hal_uart.o
 .comment       0x000000000000006e       0x6f ./system/src/newlib/_exit.o
 .comment       0x000000000000006e       0x6f ./system/src/newlib/_startup.o
 .comment       0x000000000000006e       0x6f ./system/src/newlib/_syscalls.o
 .comment       0x000000000000006e       0x6f ./system/src/cortexm/_initialize_hardware.o
 .comment       0x000000000000006e       0x6f ./system/src/cortexm/exception_handlers.o
 .comment       0x000000000000006e       0x6f ./system/src/cmsis/system_stm32f4xx.o
 .comment       0x000000000000006e       0x6f ./system/src/cmsis/vectors_stm32f407xx.o
 .comment       0x000000000000006e       0x6f ./src/ad7730.o
 .comment       0x000000000000006e       0x6f ./src/main.o
 .comment       0x000000000000006e       0x6f ./src/stm32f4xx_hal_msp.o
 .comment       0x000000000000006e       0x6f ./src/stm32f4xx_it.o

.ARM.attributes
                0x0000000000000000       0x33
 .ARM.attributes
                0x0000000000000000       0x33 ./system/src/stm32f4-hal/stm32f4xx_hal.o
 .ARM.attributes
                0x0000000000000033       0x33 ./system/src/stm32f4-hal/stm32f4xx_hal_cortex.o
 .ARM.attributes
                0x0000000000000066       0x33 ./system/src/stm32f4-hal/stm32f4xx_hal_dma.o
 .ARM.attributes
                0x0000000000000099       0x33 ./system/src/stm32f4-hal/stm32f4xx_hal_gpio.o
 .ARM.attributes
                0x00000000000000cc       0x33 ./system/src/stm32f4-hal/stm32f4xx_hal_rcc.o
 .ARM.attributes
                0x00000000000000ff       0x33 ./system/src/stm32f4-hal/stm32f4xx_hal_spi.o
 .ARM.attributes
                0x0000000000000132       0x33 ./system/src/stm32f4-hal/stm32f4xx_hal_uart.o
 .ARM.attributes
                0x0000000000000165       0x33 ./system/src/newlib/_exit.o
 .ARM.attributes
                0x0000000000000198       0x33 ./system/src/newlib/_startup.o
 .ARM.attributes
                0x00000000000001cb       0x33 ./system/src/newlib/_syscalls.o
 .ARM.attributes
                0x00000000000001fe       0x33 ./system/src/cortexm/_initialize_hardware.o
 .ARM.attributes
                0x0000000000000231       0x33 ./system/src/cortexm/exception_handlers.o
 .ARM.attributes
                0x0000000000000264       0x33 ./system/src/cmsis/system_stm32f4xx.o
 .ARM.attributes
                0x0000000000000297       0x33 ./system/src/cmsis/vectors_stm32f407xx.o
 .ARM.attributes
                0x00000000000002ca       0x33 ./src/ad7730.o
 .ARM.attributes
                0x00000000000002fd       0x33 ./src/main.o
 .ARM.attributes
                0x0000000000000330       0x33 ./src/stm32f4xx_hal_msp.o
 .ARM.attributes
                0x0000000000000363       0x33 ./src/stm32f4xx_it.o

.debug
 *(.debug)

.line
 *(.line)

.debug_srcinfo
 *(.debug_srcinfo)

.debug_sfnames
 *(.debug_sfnames)

.debug_aranges  0x0000000000000000      0x880
 *(.debug_aranges)
 .debug_aranges
                0x0000000000000000       0xc0 ./system/src/stm32f4-hal/stm32f4xx_hal.o
 .debug_aranges
                0x00000000000000c0       0x98 ./system/src/stm32f4-hal/stm32f4xx_hal_cortex.o
 .debug_aranges
                0x0000000000000158       0x90 ./system/src/stm32f4-hal/stm32f4xx_hal_dma.o
 .debug_aranges
                0x00000000000001e8       0x58 ./system/src/stm32f4-hal/stm32f4xx_hal_gpio.o
 .debug_aranges
                0x0000000000000240       0x88 ./system/src/stm32f4-hal/stm32f4xx_hal_rcc.o
 .debug_aranges
                0x00000000000002c8      0x1a0 ./system/src/stm32f4-hal/stm32f4xx_hal_spi.o
 .debug_aranges
                0x0000000000000468      0x168 ./system/src/stm32f4-hal/stm32f4xx_hal_uart.o
 .debug_aranges
                0x00000000000005d0       0x28 ./system/src/newlib/_exit.o
 .debug_aranges
                0x00000000000005f8       0x40 ./system/src/newlib/_startup.o
 .debug_aranges
                0x0000000000000638       0x30 ./system/src/newlib/_syscalls.o
 .debug_aranges
                0x0000000000000668       0x28 ./system/src/cortexm/_initialize_hardware.o
 .debug_aranges
                0x0000000000000690       0x80 ./system/src/cortexm/exception_handlers.o
 .debug_aranges
                0x0000000000000710       0x28 ./system/src/cmsis/system_stm32f4xx.o
 .debug_aranges
                0x0000000000000738       0x20 ./system/src/cmsis/vectors_stm32f407xx.o
 .debug_aranges
                0x0000000000000758       0x60 ./src/ad7730.o
 .debug_aranges
                0x00000000000007b8       0x50 ./src/main.o
 .debug_aranges
                0x0000000000000808       0x40 ./src/stm32f4xx_hal_msp.o
 .debug_aranges
                0x0000000000000848       0x38 ./src/stm32f4xx_it.o

.debug_pubnames
 *(.debug_pubnames)

.debug_info     0x0000000000000000     0xb981
 *(.debug_info .gnu.linkonce.wi.*)
 .debug_info    0x0000000000000000      0x8d9 ./system/src/stm32f4-hal/stm32f4xx_hal.o
 .debug_info    0x00000000000008d9     0x10f4 ./system/src/stm32f4-hal/stm32f4xx_hal_cortex.o
 .debug_info    0x00000000000019cd      0xc01 ./system/src/stm32f4-hal/stm32f4xx_hal_dma.o
 .debug_info    0x00000000000025ce      0x86a ./system/src/stm32f4-hal/stm32f4xx_hal_gpio.o
 .debug_info    0x0000000000002e38      0xf3d ./system/src/stm32f4-hal/stm32f4xx_hal_rcc.o
 .debug_info    0x0000000000003d75     0x1b6d ./system/src/stm32f4-hal/stm32f4xx_hal_spi.o
 .debug_info    0x00000000000058e2     0x1604 ./system/src/stm32f4-hal/stm32f4xx_hal_uart.o
 .debug_info    0x0000000000006ee6       0xee ./system/src/newlib/_exit.o
 .debug_info    0x0000000000006fd4      0x4f2 ./system/src/newlib/_startup.o
 .debug_info    0x00000000000074c6      0x1c7 ./system/src/newlib/_syscalls.o
 .debug_info    0x000000000000768d      0x2bf ./system/src/cortexm/_initialize_hardware.o
 .debug_info    0x000000000000794c      0x29b ./system/src/cortexm/exception_handlers.o
 .debug_info    0x0000000000007be7      0x4b9 ./system/src/cmsis/system_stm32f4xx.o
 .debug_info    0x00000000000080a0       0xd1 ./system/src/cmsis/vectors_stm32f407xx.o
 .debug_info    0x0000000000008171      0xca1 ./src/ad7730.o
 .debug_info    0x0000000000008e12     0x12f4 ./src/main.o
 .debug_info    0x000000000000a106     0x1040 ./src/stm32f4xx_hal_msp.o
 .debug_info    0x000000000000b146      0x83b ./src/stm32f4xx_it.o

.debug_abbrev   0x0000000000000000     0x1fb5
 *(.debug_abbrev)
 .debug_abbrev  0x0000000000000000      0x235 ./system/src/stm32f4-hal/stm32f4xx_hal.o
 .debug_abbrev  0x0000000000000235      0x324 ./system/src/stm32f4-hal/stm32f4xx_hal_cortex.o
 .debug_abbrev  0x0000000000000559      0x290 ./system/src/stm32f4-hal/stm32f4xx_hal_dma.o
 .debug_abbrev  0x00000000000007e9      0x204 ./system/src/stm32f4-hal/stm32f4xx_hal_gpio.o
 .debug_abbrev  0x00000000000009ed      0x2d2 ./system/src/stm32f4-hal/stm32f4xx_hal_rcc.o
 .debug_abbrev  0x0000000000000cbf      0x23d ./system/src/stm32f4-hal/stm32f4xx_hal_spi.o
 .debug_abbrev  0x0000000000000efc      0x248 ./system/src/stm32f4-hal/stm32f4xx_hal_uart.o
 .debug_abbrev  0x0000000000001144       0xbd ./system/src/newlib/_exit.o
 .debug_abbrev  0x0000000000001201      0x1b6 ./system/src/newlib/_startup.o
 .debug_abbrev  0x00000000000013b7       0xec ./system/src/newlib/_syscalls.o
 .debug_abbrev  0x00000000000014a3       0xea ./system/src/cortexm/_initialize_hardware.o
 .debug_abbrev  0x000000000000158d      0x12a ./system/src/cortexm/exception_handlers.o
 .debug_abbrev  0x00000000000016b7      0x104 ./system/src/cmsis/system_stm32f4xx.o
 .debug_abbrev  0x00000000000017bb       0x9d ./system/src/cmsis/vectors_stm32f407xx.o
 .debug_abbrev  0x0000000000001858      0x1fc ./src/ad7730.o
 .debug_abbrev  0x0000000000001a54      0x251 ./src/main.o
 .debug_abbrev  0x0000000000001ca5      0x1bc ./src/stm32f4xx_hal_msp.o
 .debug_abbrev  0x0000000000001e61      0x154 ./src/stm32f4xx_it.o

.debug_line     0x0000000000000000     0xbc74
 *(.debug_line)
 .debug_line    0x0000000000000000      0xb76 ./system/src/stm32f4-hal/stm32f4xx_hal.o
 .debug_line    0x0000000000000b76      0xc59 ./system/src/stm32f4-hal/stm32f4xx_hal_cortex.o
 .debug_line    0x00000000000017cf      0xe36 ./system/src/stm32f4-hal/stm32f4xx_hal_dma.o
 .debug_line    0x0000000000002605      0xd0a ./system/src/stm32f4-hal/stm32f4xx_hal_gpio.o
 .debug_line    0x000000000000330f      0xe28 ./system/src/stm32f4-hal/stm32f4xx_hal_rcc.o
 .debug_line    0x0000000000004137     0x13c2 ./system/src/stm32f4-hal/stm32f4xx_hal_spi.o
 .debug_line    0x00000000000054f9     0x1306 ./system/src/stm32f4-hal/stm32f4xx_hal_uart.o
 .debug_line    0x00000000000067ff      0x2f8 ./system/src/newlib/_exit.o
 .debug_line    0x0000000000006af7      0x372 ./system/src/newlib/_startup.o
 .debug_line    0x0000000000006e69      0x3a7 ./system/src/newlib/_syscalls.o
 .debug_line    0x0000000000007210      0xa1a ./system/src/cortexm/_initialize_hardware.o
 .debug_line    0x0000000000007c2a      0xaea ./system/src/cortexm/exception_handlers.o
 .debug_line    0x0000000000008714      0xa1a ./system/src/cmsis/system_stm32f4xx.o
 .debug_line    0x000000000000912e       0xf4 ./system/src/cmsis/vectors_stm32f407xx.o
 .debug_line    0x0000000000009222      0xadd ./src/ad7730.o
 .debug_line    0x0000000000009cff      0xade ./src/main.o
 .debug_line    0x000000000000a7dd      0xa68 ./src/stm32f4xx_hal_msp.o
 .debug_line    0x000000000000b245      0xa2f ./src/stm32f4xx_it.o

.debug_frame    0x0000000000000000     0x1550
 *(.debug_frame)
 .debug_frame   0x0000000000000000      0x188 ./system/src/stm32f4-hal/stm32f4xx_hal.o
 .debug_frame   0x0000000000000188      0x17c ./system/src/stm32f4-hal/stm32f4xx_hal_cortex.o
 .debug_frame   0x0000000000000304      0x18c ./system/src/stm32f4-hal/stm32f4xx_hal_dma.o
 .debug_frame   0x0000000000000490       0xf8 ./system/src/stm32f4-hal/stm32f4xx_hal_gpio.o
 .debug_frame   0x0000000000000588      0x150 ./system/src/stm32f4-hal/stm32f4xx_hal_rcc.o
 .debug_frame   0x00000000000006d8      0x508 ./system/src/stm32f4-hal/stm32f4xx_hal_spi.o
 .debug_frame   0x0000000000000be0      0x3e4 ./system/src/stm32f4-hal/stm32f4xx_hal_uart.o
 .debug_frame   0x0000000000000fc4       0x38 ./system/src/newlib/_exit.o
 .debug_frame   0x0000000000000ffc       0x7c ./system/src/newlib/_startup.o
 .debug_frame   0x0000000000001078       0x50 ./system/src/newlib/_syscalls.o
 .debug_frame   0x00000000000010c8       0x40 ./system/src/cortexm/_initialize_hardware.o
 .debug_frame   0x0000000000001108       0xe8 ./system/src/cortexm/exception_handlers.o
 .debug_frame   0x00000000000011f0       0x30 ./system/src/cmsis/system_stm32f4xx.o
 .debug_frame   0x0000000000001220       0x20 ./system/src/cmsis/vectors_stm32f407xx.o
 .debug_frame   0x0000000000001240      0x130 ./src/ad7730.o
 .debug_frame   0x0000000000001370       0xb8 ./src/main.o
 .debug_frame   0x0000000000001428       0xb8 ./src/stm32f4xx_hal_msp.o
 .debug_frame   0x00000000000014e0       0x70 ./src/stm32f4xx_it.o

.debug_str      0x0000000000000000    0x9bfaf
 *(.debug_str)
 .debug_str     0x0000000000000000    0x96d42 ./system/src/stm32f4-hal/stm32f4xx_hal.o
                                      0x97117 (size before relaxing)
 .debug_str     0x0000000000096d42      0x38c ./system/src/stm32f4-hal/stm32f4xx_hal_cortex.o
                                      0x96f83 (size before relaxing)
 .debug_str     0x00000000000970ce      0x53b ./system/src/stm32f4-hal/stm32f4xx_hal_dma.o
                                      0x96b32 (size before relaxing)
 .debug_str     0x0000000000097609      0x2d8 ./system/src/stm32f4-hal/stm32f4xx_hal_gpio.o
                                      0x96994 (size before relaxing)
 .debug_str     0x00000000000978e1      0x393 ./system/src/stm32f4-hal/stm32f4xx_hal_rcc.o
                                      0x96b32 (size before relaxing)
 .debug_str     0x0000000000097c74      0x668 ./system/src/stm32f4-hal/stm32f4xx_hal_spi.o
                                      0x96edc (size before relaxing)
 .debug_str     0x00000000000982dc      0x529 ./system/src/stm32f4-hal/stm32f4xx_hal_uart.o
                                      0x96e26 (size before relaxing)
 .debug_str     0x0000000000098805     0x10b1 ./system/src/newlib/_exit.o
                                       0x6eca (size before relaxing)
 .debug_str     0x00000000000998b6      0x2c6 ./system/src/newlib/_startup.o
                                       0x5eb4 (size before relaxing)
 .debug_str     0x0000000000099b7c     0x1277 ./system/src/newlib/_syscalls.o
                                       0x7105 (size before relaxing)
 .debug_str     0x000000000009adf3       0x77 ./system/src/cortexm/_initialize_hardware.o
                                      0x96643 (size before relaxing)
 .debug_str     0x000000000009ae6a      0x1ce ./system/src/cortexm/exception_handlers.o
                                      0x976bd (size before relaxing)
 .debug_str     0x000000000009b038       0x46 ./system/src/cmsis/system_stm32f4xx.o
                                      0x96722 (size before relaxing)
 .debug_str     0x000000000009b07e       0x59 ./system/src/cmsis/vectors_stm32f407xx.o
                                       0x306b (size before relaxing)
 .debug_str     0x000000000009b0d7      0xd81 ./src/ad7730.o
                                      0x977c5 (size before relaxing)
 .debug_str     0x000000000009be58       0xda ./src/main.o
                                      0x981dd (size before relaxing)
 .debug_str     0x000000000009bf32       0x1b ./src/stm32f4xx_hal_msp.o
                                      0x9724f (size before relaxing)
 .debug_str     0x000000000009bf4d       0x62 ./src/stm32f4xx_it.o
                                      0x97231 (size before relaxing)

.debug_loc      0x0000000000000000     0x45be
 *(.debug_loc)
 .debug_loc     0x0000000000000000       0x92 ./system/src/stm32f4-hal/stm32f4xx_hal.o
 .debug_loc     0x0000000000000092      0x580 ./system/src/stm32f4-hal/stm32f4xx_hal_cortex.o
 .debug_loc     0x0000000000000612      0xa15 ./system/src/stm32f4-hal/stm32f4xx_hal_dma.o
 .debug_loc     0x0000000000001027      0x4b0 ./system/src/stm32f4-hal/stm32f4xx_hal_gpio.o
 .debug_loc     0x00000000000014d7      0x57a ./system/src/stm32f4-hal/stm32f4xx_hal_rcc.o
 .debug_loc     0x0000000000001a51     0x14a0 ./system/src/stm32f4-hal/stm32f4xx_hal_spi.o
 .debug_loc     0x0000000000002ef1     0x10e9 ./system/src/stm32f4-hal/stm32f4xx_hal_uart.o
 .debug_loc     0x0000000000003fda      0x36e ./system/src/newlib/_startup.o
 .debug_loc     0x0000000000004348       0x63 ./system/src/newlib/_syscalls.o
 .debug_loc     0x00000000000043ab      0x132 ./system/src/cmsis/system_stm32f4xx.o
 .debug_loc     0x00000000000044dd       0x42 ./src/ad7730.o
 .debug_loc     0x000000000000451f       0x9f ./src/stm32f4xx_hal_msp.o

.debug_macinfo
 *(.debug_macinfo)

.debug_weaknames
 *(.debug_weaknames)

.debug_funcnames
 *(.debug_funcnames)

.debug_typenames
 *(.debug_typenames)

.debug_varnames
 *(.debug_varnames)
OUTPUT(AD7730.elf elf32-littlearm)

.debug_ranges   0x0000000000000000      0x760
 .debug_ranges  0x0000000000000000       0xb0 ./system/src/stm32f4-hal/stm32f4xx_hal.o
 .debug_ranges  0x00000000000000b0       0x88 ./system/src/stm32f4-hal/stm32f4xx_hal_cortex.o
 .debug_ranges  0x0000000000000138       0x80 ./system/src/stm32f4-hal/stm32f4xx_hal_dma.o
 .debug_ranges  0x00000000000001b8       0x48 ./system/src/stm32f4-hal/stm32f4xx_hal_gpio.o
 .debug_ranges  0x0000000000000200       0x78 ./system/src/stm32f4-hal/stm32f4xx_hal_rcc.o
 .debug_ranges  0x0000000000000278      0x190 ./system/src/stm32f4-hal/stm32f4xx_hal_spi.o
 .debug_ranges  0x0000000000000408      0x158 ./system/src/stm32f4-hal/stm32f4xx_hal_uart.o
 .debug_ranges  0x0000000000000560       0x18 ./system/src/newlib/_exit.o
 .debug_ranges  0x0000000000000578       0x30 ./system/src/newlib/_startup.o
 .debug_ranges  0x00000000000005a8       0x20 ./system/src/newlib/_syscalls.o
 .debug_ranges  0x00000000000005c8       0x18 ./system/src/cortexm/_initialize_hardware.o
 .debug_ranges  0x00000000000005e0       0x70 ./system/src/cortexm/exception_handlers.o
 .debug_ranges  0x0000000000000650       0x18 ./system/src/cmsis/system_stm32f4xx.o
 .debug_ranges  0x0000000000000668       0x10 ./system/src/cmsis/vectors_stm32f407xx.o
 .debug_ranges  0x0000000000000678       0x50 ./src/ad7730.o
 .debug_ranges  0x00000000000006c8       0x40 ./src/main.o
 .debug_ranges  0x0000000000000708       0x30 ./src/stm32f4xx_hal_msp.o
 .debug_ranges  0x0000000000000738       0x28 ./src/stm32f4xx_it.o

.debug_macro    0x0000000000000000    0x1c1d1
 .debug_macro   0x0000000000000000      0x53a ./system/src/stm32f4-hal/stm32f4xx_hal.o
 .debug_macro   0x000000000000053a      0x88c ./system/src/stm32f4-hal/stm32f4xx_hal.o
 .debug_macro   0x0000000000000dc6      0x289 ./system/src/stm32f4-hal/stm32f4xx_hal.o
 .debug_macro   0x000000000000104f       0x31 ./system/src/stm32f4-hal/stm32f4xx_hal.o
 .debug_macro   0x0000000000001080       0x28 ./system/src/stm32f4-hal/stm32f4xx_hal.o
 .debug_macro   0x00000000000010a8      0x34e ./system/src/stm32f4-hal/stm32f4xx_hal.o
 .debug_macro   0x00000000000013f6       0x35 ./system/src/stm32f4-hal/stm32f4xx_hal.o
 .debug_macro   0x000000000000142b       0x50 ./system/src/stm32f4-hal/stm32f4xx_hal.o
 .debug_macro   0x000000000000147b      0xe66 ./system/src/stm32f4-hal/stm32f4xx_hal.o
 .debug_macro   0x00000000000022e1     0x93f9 ./system/src/stm32f4-hal/stm32f4xx_hal.o
 .debug_macro   0x000000000000b6da       0x43 ./system/src/stm32f4-hal/stm32f4xx_hal.o
 .debug_macro   0x000000000000b71d     0x347f ./system/src/stm32f4-hal/stm32f4xx_hal.o
 .debug_macro   0x000000000000eb9c       0x22 ./system/src/stm32f4-hal/stm32f4xx_hal.o
 .debug_macro   0x000000000000ebbe       0x4c ./system/src/stm32f4-hal/stm32f4xx_hal.o
 .debug_macro   0x000000000000ec0a       0x8d ./system/src/stm32f4-hal/stm32f4xx_hal.o
 .debug_macro   0x000000000000ec97       0x35 ./system/src/stm32f4-hal/stm32f4xx_hal.o
 .debug_macro   0x000000000000eccc       0x9c ./system/src/stm32f4-hal/stm32f4xx_hal.o
 .debug_macro   0x000000000000ed68       0x16 ./system/src/stm32f4-hal/stm32f4xx_hal.o
 .debug_macro   0x000000000000ed7e       0x4a ./system/src/stm32f4-hal/stm32f4xx_hal.o
 .debug_macro   0x000000000000edc8       0x97 ./system/src/stm32f4-hal/stm32f4xx_hal.o
 .debug_macro   0x000000000000ee5f      0x30d ./system/src/stm32f4-hal/stm32f4xx_hal.o
 .debug_macro   0x000000000000f16c       0xfd ./system/src/stm32f4-hal/stm32f4xx_hal.o
 .debug_macro   0x000000000000f269       0x10 ./system/src/stm32f4-hal/stm32f4xx_hal.o
 .debug_macro   0x000000000000f279       0x52 ./system/src/stm32f4-hal/stm32f4xx_hal.o
 .debug_macro   0x000000000000f2cb       0x1f ./system/src/stm32f4-hal/stm32f4xx_hal.o
 .debug_macro   0x000000000000f2ea       0x43 ./system/src/stm32f4-hal/stm32f4xx_hal.o
 .debug_macro   0x000000000000f32d       0x20 ./system/src/stm32f4-hal/stm32f4xx_hal.o
 .debug_macro   0x000000000000f34d      0x187 ./system/src/stm32f4-hal/stm32f4xx_hal.o
 .debug_macro   0x000000000000f4d4       0x10 ./system/src/stm32f4-hal/stm32f4xx_hal.o
 .debug_macro   0x000000000000f4e4       0x5e ./system/src/stm32f4-hal/stm32f4xx_hal.o
 .debug_macro   0x000000000000f542       0x1c ./system/src/stm32f4-hal/stm32f4xx_hal.o
 .debug_macro   0x000000000000f55e       0x52 ./system/src/stm32f4-hal/stm32f4xx_hal.o
 .debug_macro   0x000000000000f5b0       0x40 ./system/src/stm32f4-hal/stm32f4xx_hal.o
 .debug_macro   0x000000000000f5f0       0x10 ./system/src/stm32f4-hal/stm32f4xx_hal.o
 .debug_macro   0x000000000000f600       0x40 ./system/src/stm32f4-hal/stm32f4xx_hal.o
 .debug_macro   0x000000000000f640       0xd7 ./system/src/stm32f4-hal/stm32f4xx_hal.o
 .debug_macro   0x000000000000f717       0x16 ./system/src/stm32f4-hal/stm32f4xx_hal.o
 .debug_macro   0x000000000000f72d      0x189 ./system/src/stm32f4-hal/stm32f4xx_hal.o
 .debug_macro   0x000000000000f8b6       0x57 ./system/src/stm32f4-hal/stm32f4xx_hal.o
 .debug_macro   0x000000000000f90d      0x964 ./system/src/stm32f4-hal/stm32f4xx_hal.o
 .debug_macro   0x0000000000010271      0x9e1 ./system/src/stm32f4-hal/stm32f4xx_hal.o
 .debug_macro   0x0000000000010c52      0x11e ./system/src/stm32f4-hal/stm32f4xx_hal.o
 .debug_macro   0x0000000000010d70      0x13e ./system/src/stm32f4-hal/stm32f4xx_hal.o
 .debug_macro   0x0000000000010eae       0x27 ./system/src/stm32f4-hal/stm32f4xx_hal.o
 .debug_macro   0x0000000000010ed5      0x287 ./system/src/stm32f4-hal/stm32f4xx_hal.o
 .debug_macro   0x000000000001115c       0x5f ./system/src/stm32f4-hal/stm32f4xx_hal.o
 .debug_macro   0x00000000000111bb      0x23a ./system/src/stm32f4-hal/stm32f4xx_hal.o
 .debug_macro   0x00000000000113f5      0x391 ./system/src/stm32f4-hal/stm32f4xx_hal.o
 .debug_macro   0x0000000000011786      0x16f ./system/src/stm32f4-hal/stm32f4xx_hal.o
 .debug_macro   0x00000000000118f5       0xf9 ./system/src/stm32f4-hal/stm32f4xx_hal.o
 .debug_macro   0x00000000000119ee      0x36e ./system/src/stm32f4-hal/stm32f4xx_hal.o
 .debug_macro   0x0000000000011d5c       0x23 ./system/src/stm32f4-hal/stm32f4xx_hal.o
 .debug_macro   0x0000000000011d7f       0xe6 ./system/src/stm32f4-hal/stm32f4xx_hal.o
 .debug_macro   0x0000000000011e65       0xa1 ./system/src/stm32f4-hal/stm32f4xx_hal.o
 .debug_macro   0x0000000000011f06       0x3c ./system/src/stm32f4-hal/stm32f4xx_hal.o
 .debug_macro   0x0000000000011f42       0x1f ./system/src/stm32f4-hal/stm32f4xx_hal.o
 .debug_macro   0x0000000000011f61      0x1cd ./system/src/stm32f4-hal/stm32f4xx_hal.o
 .debug_macro   0x000000000001212e      0xcd6 ./system/src/stm32f4-hal/stm32f4xx_hal.o
 .debug_macro   0x0000000000012e04      0x13a ./system/src/stm32f4-hal/stm32f4xx_hal.o
 .debug_macro   0x0000000000012f3e      0x21e ./system/src/stm32f4-hal/stm32f4xx_hal.o
 .debug_macro   0x000000000001315c       0x2e ./system/src/stm32f4-hal/stm32f4xx_hal.o
 .debug_macro   0x000000000001318a      0x543 ./system/src/stm32f4-hal/stm32f4xx_hal.o
 .debug_macro   0x00000000000136cd       0x88 ./system/src/stm32f4-hal/stm32f4xx_hal.o
 .debug_macro   0x0000000000013755       0xd5 ./system/src/stm32f4-hal/stm32f4xx_hal.o
 .debug_macro   0x000000000001382a      0x183 ./system/src/stm32f4-hal/stm32f4xx_hal.o
 .debug_macro   0x00000000000139ad      0x1a7 ./system/src/stm32f4-hal/stm32f4xx_hal.o
 .debug_macro   0x0000000000013b54       0xa5 ./system/src/stm32f4-hal/stm32f4xx_hal.o
 .debug_macro   0x0000000000013bf9      0x18b ./system/src/stm32f4-hal/stm32f4xx_hal.o
 .debug_macro   0x0000000000013d84       0x24 ./system/src/stm32f4-hal/stm32f4xx_hal.o
 .debug_macro   0x0000000000013da8       0x35 ./system/src/stm32f4-hal/stm32f4xx_hal.o
 .debug_macro   0x0000000000013ddd       0x79 ./system/src/stm32f4-hal/stm32f4xx_hal.o
 .debug_macro   0x0000000000013e56      0x11e ./system/src/stm32f4-hal/stm32f4xx_hal.o
 .debug_macro   0x0000000000013f74       0x7f ./system/src/stm32f4-hal/stm32f4xx_hal.o
 .debug_macro   0x0000000000013ff3       0x89 ./system/src/stm32f4-hal/stm32f4xx_hal.o
 .debug_macro   0x000000000001407c       0x7e ./system/src/stm32f4-hal/stm32f4xx_hal.o
 .debug_macro   0x00000000000140fa      0x31a ./system/src/stm32f4-hal/stm32f4xx_hal.o
 .debug_macro   0x0000000000014414      0x409 ./system/src/stm32f4-hal/stm32f4xx_hal.o
 .debug_macro   0x000000000001481d       0xe4 ./system/src/stm32f4-hal/stm32f4xx_hal.o
 .debug_macro   0x0000000000014901      0x48d ./system/src/stm32f4-hal/stm32f4xx_hal.o
 .debug_macro   0x0000000000014d8e      0x22b ./system/src/stm32f4-hal/stm32f4xx_hal.o
 .debug_macro   0x0000000000014fb9      0x202 ./system/src/stm32f4-hal/stm32f4xx_hal.o
 .debug_macro   0x00000000000151bb      0x6d9 ./system/src/stm32f4-hal/stm32f4xx_hal.o
 .debug_macro   0x0000000000015894       0x5b ./system/src/stm32f4-hal/stm32f4xx_hal.o
 .debug_macro   0x00000000000158ef      0x14d ./system/src/stm32f4-hal/stm32f4xx_hal.o
 .debug_macro   0x0000000000015a3c      0x287 ./system/src/stm32f4-hal/stm32f4xx_hal.o
 .debug_macro   0x0000000000015cc3      0x225 ./system/src/stm32f4-hal/stm32f4xx_hal.o
 .debug_macro   0x0000000000015ee8      0x1b5 ./system/src/stm32f4-hal/stm32f4xx_hal.o
 .debug_macro   0x000000000001609d      0x2db ./system/src/stm32f4-hal/stm32f4xx_hal.o
 .debug_macro   0x0000000000016378       0x89 ./system/src/stm32f4-hal/stm32f4xx_hal.o
 .debug_macro   0x0000000000016401      0x1df ./system/src/stm32f4-hal/stm32f4xx_hal.o
 .debug_macro   0x00000000000165e0      0x115 ./system/src/stm32f4-hal/stm32f4xx_hal.o
 .debug_macro   0x00000000000166f5       0x6e ./system/src/stm32f4-hal/stm32f4xx_hal.o
 .debug_macro   0x0000000000016763      0x125 ./system/src/stm32f4-hal/stm32f4xx_hal.o
 .debug_macro   0x0000000000016888      0x4ec ./system/src/stm32f4-hal/stm32f4xx_hal_cortex.o
 .debug_macro   0x0000000000016d74      0x4f3 ./system/src/stm32f4-hal/stm32f4xx_hal_dma.o
 .debug_macro   0x0000000000017267      0x524 ./system/src/stm32f4-hal/stm32f4xx_hal_gpio.o
 .debug_macro   0x000000000001778b      0x516 ./system/src/stm32f4-hal/stm32f4xx_hal_rcc.o
 .debug_macro   0x0000000000017ca1      0x4f4 ./system/src/stm32f4-hal/stm32f4xx_hal_spi.o
 .debug_macro   0x0000000000018195      0x4ed ./system/src/stm32f4-hal/stm32f4xx_hal_uart.o
 .debug_macro   0x0000000000018682      0x19c ./system/src/newlib/_exit.o
 .debug_macro   0x000000000001881e      0x10e ./system/src/newlib/_exit.o
 .debug_macro   0x000000000001892c       0x8d ./system/src/newlib/_exit.o
 .debug_macro   0x00000000000189b9       0x35 ./system/src/newlib/_exit.o
 .debug_macro   0x00000000000189ee      0x15b ./system/src/newlib/_startup.o
 .debug_macro   0x0000000000018b49      0x892 ./system/src/newlib/_startup.o
 .debug_macro   0x00000000000193db      0x1f5 ./system/src/newlib/_syscalls.o
 .debug_macro   0x00000000000195d0       0x1c ./system/src/newlib/_syscalls.o
 .debug_macro   0x00000000000195ec       0x10 ./system/src/newlib/_syscalls.o
 .debug_macro   0x00000000000195fc       0x10 ./system/src/newlib/_syscalls.o
 .debug_macro   0x000000000001960c       0x10 ./system/src/newlib/_syscalls.o
 .debug_macro   0x000000000001961c       0x35 ./system/src/newlib/_syscalls.o
 .debug_macro   0x0000000000019651      0x122 ./system/src/newlib/_syscalls.o
 .debug_macro   0x0000000000019773       0x88 ./system/src/newlib/_syscalls.o
 .debug_macro   0x00000000000197fb       0x2b ./system/src/newlib/_syscalls.o
 .debug_macro   0x0000000000019826      0x118 ./system/src/newlib/_syscalls.o
 .debug_macro   0x000000000001993e      0x159 ./system/src/newlib/_syscalls.o
 .debug_macro   0x0000000000019a97       0x16 ./system/src/newlib/_syscalls.o
 .debug_macro   0x0000000000019aad      0x4f6 ./system/src/cortexm/_initialize_hardware.o
 .debug_macro   0x0000000000019fa3      0x54b ./system/src/cortexm/exception_handlers.o
 .debug_macro   0x000000000001a4ee       0x3b ./system/src/cortexm/exception_handlers.o
 .debug_macro   0x000000000001a529       0x22 ./system/src/cortexm/exception_handlers.o
 .debug_macro   0x000000000001a54b       0x16 ./system/src/cortexm/exception_handlers.o
 .debug_macro   0x000000000001a561      0x4f2 ./system/src/cmsis/system_stm32f4xx.o
 .debug_macro   0x000000000001aa53       0x34 ./system/src/cmsis/vectors_stm32f407xx.o
 .debug_macro   0x000000000001aa87      0x4fe ./src/ad7730.o
 .debug_macro   0x000000000001af85      0x178 ./src/ad7730.o
 .debug_macro   0x000000000001b0fd      0x19d ./src/ad7730.o
 .debug_macro   0x000000000001b29a      0x54c ./src/main.o
 .debug_macro   0x000000000001b7e6      0x4ec ./src/stm32f4xx_hal_msp.o
 .debug_macro   0x000000000001bcd2      0x4ff ./src/stm32f4xx_it.o
